// Jest Snapshot v1, https://goo.gl/fbAQLP

exports[`animeGridList style components Should render a GridContainer Component 1`] = `
.c0 {
  display: -webkit-box;
  display: -webkit-flex;
  display: -ms-flexbox;
  display: flex;
  -webkit-flex-wrap: wrap;
  -ms-flex-wrap: wrap;
  flex-wrap: wrap;
  -webkit-box-pack: space-evenly;
  -webkit-justify-content: space-evenly;
  -ms-flex-pack: space-evenly;
  justify-content: space-evenly;
  padding: 30px;
  max-width: 1600px;
  margin: 0 auto;
}

<section
  className="c0"
/>
`;
